// Jest Snapshot v1, https://goo.gl/fbAQLP

exports[`Testing shop component render shop with data 1`] = `
<ul
  className="card-list"
>
  <li
    className="card"
  >
    <h4
      className="card__title"
    >
      Fender
    </h4>
    <img
      alt="Fender"
      className="card__img"
      height="400"
      src="https://img.favpng.com/2/4/5/steel-guitar-acoustic-guitar-electric-guitar-bass-guitar-png-favpng-MYXXnrv6tC6Hg2T1k7zKjW8pr.jpg"
      width="300"
    />
    <p
      className="card__quantity"
    >
      <span
        className="span"
      >
        Quantity: 
      </span>
      22
    </p>
    <p
      className="card__price"
    >
      <span
        className="span"
      >
        Price: 
      </span>
      60000
    </p>
    <button
      className="button card__button"
      onClick={[Function]}
    >
      Add to basket
    </button>
  </li>
  <li
    className="card"
  >
    <h4
      className="card__title"
    >
      Fender
    </h4>
    <img
      alt="Fender"
      className="card__img"
      height="400"
      src="https://img95.699pic.com/element/40135/1104.png_860.png"
      width="300"
    />
    <p
      className="card__quantity"
    >
      <span
        className="span"
      >
        Quantity: 
      </span>
      2
    </p>
    <p
      className="card__price"
    >
      <span
        className="span"
      >
        Price: 
      </span>
      22000
    </p>
    <button
      className="button card__button"
      onClick={[Function]}
    >
      Add to basket
    </button>
  </li>
  <li
    className="card"
  >
    <h4
      className="card__title"
    >
      Fender
    </h4>
    <img
      alt="Fender"
      className="card__img"
      height="400"
      src="https://img.favpng.com/20/11/20/bass-guitar-electric-guitar-acoustic-guitar-supro-ozark-1560-s-png-favpng-Auv04m1w16rLVMr6RZn433D7P_t.jpg"
      width="300"
    />
    <p
      className="card__quantity"
    >
      <span
        className="span"
      >
        Quantity: 
      </span>
      22
    </p>
    <p
      className="card__price"
    >
      <span
        className="span"
      >
        Price: 
      </span>
      14000
    </p>
    <button
      className="button card__button"
      onClick={[Function]}
    >
      Add to basket
    </button>
  </li>
  <li
    className="card"
  >
    <h4
      className="card__title"
    >
      Fender
    </h4>
    <img
      alt="Fender"
      className="card__img"
      height="400"
      src="https://img.favpng.com/22/25/5/bass-guitar-art-string-instruments-drawing-png-favpng-NEmJB8UcuuuUiN1ipbpHEJYCF.jpg"
      width="300"
    />
    <p
      className="card__quantity"
    >
      <span
        className="span"
      >
        Quantity: 
      </span>
      12
    </p>
    <p
      className="card__price"
    >
      <span
        className="span"
      >
        Price: 
      </span>
      12000
    </p>
    <button
      className="button card__button"
      onClick={[Function]}
    >
      Add to basket
    </button>
  </li>
  <li
    className="card"
  >
    <h4
      className="card__title"
    >
      Fender
    </h4>
    <img
      alt="Fender"
      className="card__img"
      height="400"
      src="https://img.pngio.com/download-electric-guitar-png-images-background-transparent-bass-hd-bass-guitar-png-840_767.png"
      width="300"
    />
    <p
      className="card__quantity"
    >
      <span
        className="span"
      >
        Quantity: 
      </span>
      2
    </p>
    <p
      className="card__price"
    >
      <span
        className="span"
      >
        Price: 
      </span>
      15000
    </p>
    <button
      className="button card__button"
      onClick={[Function]}
    >
      Add to basket
    </button>
  </li>
</ul>
`;
