// Jest Snapshot v1, https://goo.gl/fbAQLP

exports[`Should be loading 1`] = `
<div
  className="loader"
>
  <div
    className="dot"
  />
  <div
    className="dot"
  />
  <div
    className="dot"
  />
  <div
    className="dot"
  />
  <div
    className="dot"
  />
  <div
    className="dot"
  />
  <div
    className="dot"
  />
  <div
    className="dot"
  />
  <div
    className="dot"
  />
</div>
`;
